host cpus        : 16  (container)
OMP_NUM_THREADS  : 4
MKL_NUM_THREADS  : 4
LOCAL_STT_THREADS: 4
models           : campplus, eres2netv2, wespeaker_en
reps=50 warmup=3 (discarded)  stt-instances=1

condition: idle
  eres2netv2    thr=1 1s  p50=   82.0ms  p95=   83.5ms
  eres2netv2    thr=1 2s  p50=  157.4ms  p95=  177.3ms
  eres2netv2    thr=1 3s  p50=  252.0ms  p95=  261.2ms
  eres2netv2    thr=1 5s  p50=  412.5ms  p95=  446.3ms
  eres2netv2    thr=2 1s  p50=   46.3ms  p95=   49.7ms
  eres2netv2    thr=2 2s  p50=   97.6ms  p95=  101.3ms
  eres2netv2    thr=2 3s  p50=  146.0ms  p95=  157.4ms
  eres2netv2    thr=2 5s  p50=  249.7ms  p95=  283.5ms
  eres2netv2    thr=8 1s  p50=   23.8ms  p95=   25.7ms
  eres2netv2    thr=8 2s  p50=   41.1ms  p95=   46.2ms
  eres2netv2    thr=8 3s  p50=   70.3ms  p95=   77.2ms
  eres2netv2    thr=8 5s  p50=  134.9ms  p95=  169.1ms
  campplus      thr=1 1s  p50=   14.7ms  p95=   15.2ms
  campplus      thr=1 2s  p50=   24.7ms  p95=   25.6ms
  campplus      thr=1 3s  p50=   34.2ms  p95=   42.0ms
  campplus      thr=1 5s  p50=   55.2ms  p95=   60.1ms
  campplus      thr=2 1s  p50=   10.1ms  p95=   11.7ms
  campplus      thr=2 2s  p50=   16.5ms  p95=   18.6ms
  campplus      thr=2 3s  p50=   22.9ms  p95=   26.8ms
  campplus      thr=2 5s  p50=   34.9ms  p95=   38.3ms
  campplus      thr=8 1s  p50=    8.3ms  p95=    9.7ms
  campplus      thr=8 2s  p50=   12.5ms  p95=   17.0ms
  campplus      thr=8 3s  p50=   15.3ms  p95=   16.8ms
  campplus      thr=8 5s  p50=   21.9ms  p95=   28.8ms
  wespeaker_en  thr=1 1s  p50=   14.4ms  p95=   15.8ms
  wespeaker_en  thr=1 2s  p50=   25.4ms  p95=   27.6ms
  wespeaker_en  thr=1 3s  p50=   36.0ms  p95=   37.0ms
  wespeaker_en  thr=1 5s  p50=   57.5ms  p95=   60.6ms
  wespeaker_en  thr=2 1s  p50=   10.8ms  p95=   11.1ms
  wespeaker_en  thr=2 2s  p50=   17.2ms  p95=   19.5ms
  wespeaker_en  thr=2 3s  p50=   24.3ms  p95=   26.0ms
  wespeaker_en  thr=2 5s  p50=   37.6ms  p95=   40.3ms
  wespeaker_en  thr=8 1s  p50=    8.0ms  p95=    8.3ms
  wespeaker_en  thr=8 2s  p50=   11.7ms  p95=   11.9ms
  wespeaker_en  thr=8 3s  p50=   15.9ms  p95=   16.9ms
  wespeaker_en  thr=8 5s  p50=   22.1ms  p95=   25.0ms

condition: contended-stt4  (1 real Moonshine recognizer(s) decoding continuously)
  eres2netv2    thr=1 1s  p50=   97.5ms  p95=  103.3ms
  eres2netv2    thr=1 2s  p50=  200.4ms  p95=  212.5ms
  eres2netv2    thr=1 3s  p50=  333.7ms  p95=  404.7ms
  eres2netv2    thr=1 5s  p50=  542.3ms  p95=  578.0ms
  eres2netv2    thr=2 1s  p50=   72.7ms  p95=   94.6ms
  eres2netv2    thr=2 2s  p50=  147.2ms  p95=  156.7ms
  eres2netv2    thr=2 3s  p50=  189.5ms  p95=  268.2ms
  eres2netv2    thr=2 5s  p50=  329.1ms  p95=  466.4ms
  eres2netv2    thr=8 1s  p50=   57.6ms  p95=  100.0ms
  eres2netv2    thr=8 2s  p50=  103.3ms  p95=  261.8ms
  eres2netv2    thr=8 3s  p50=  195.8ms  p95=  301.7ms
  eres2netv2    thr=8 5s  p50=  319.8ms  p95=  474.4ms
  campplus      thr=1 1s  p50=   19.3ms  p95=   20.0ms
  campplus      thr=1 2s  p50=   31.7ms  p95=   33.9ms
  campplus      thr=1 3s  p50=   44.8ms  p95=   48.1ms
  campplus      thr=1 5s  p50=   73.7ms  p95=   75.9ms
  campplus      thr=2 1s  p50=   15.1ms  p95=   20.0ms
  campplus      thr=2 2s  p50=   23.5ms  p95=   30.4ms
  campplus      thr=2 3s  p50=   33.4ms  p95=   35.3ms
  campplus      thr=2 5s  p50=   52.1ms  p95=   60.3ms
  campplus      thr=8 1s  p50=   22.0ms  p95=   48.6ms
  campplus      thr=8 2s  p50=   29.0ms  p95=   61.7ms
  campplus      thr=8 3s  p50=   41.1ms  p95=   71.2ms
  campplus      thr=8 5s  p50=   45.3ms  p95=   77.3ms
  wespeaker_en  thr=1 1s  p50=   24.4ms  p95=   26.8ms
  wespeaker_en  thr=1 2s  p50=   41.5ms  p95=   44.2ms
  wespeaker_en  thr=1 3s  p50=   59.1ms  p95=   62.9ms
  wespeaker_en  thr=1 5s  p50=   74.1ms  p95=   77.9ms
  wespeaker_en  thr=2 1s  p50=   16.1ms  p95=   17.5ms
  wespeaker_en  thr=2 2s  p50=   25.9ms  p95=   27.2ms
  wespeaker_en  thr=2 3s  p50=   36.2ms  p95=   40.7ms
  wespeaker_en  thr=2 5s  p50=   54.3ms  p95=   62.2ms
  wespeaker_en  thr=8 1s  p50=   23.4ms  p95=   46.5ms
  wespeaker_en  thr=8 2s  p50=   31.4ms  p95=   50.9ms
  wespeaker_en  thr=8 3s  p50=   37.8ms  p95=   69.6ms
  wespeaker_en  thr=8 5s  p50=   54.9ms  p95=   99.3ms
  (STT completed 5651 decodes during this block)

condition: contended-stt8  (1 real Moonshine recognizer(s) decoding continuously)
  eres2netv2    thr=1 1s  p50=   97.8ms  p95=  215.8ms
  eres2netv2    thr=1 2s  p50=  284.9ms  p95=  408.0ms
  eres2netv2    thr=1 3s  p50=  367.4ms  p95=  667.9ms
  eres2netv2    thr=1 5s  p50=  566.9ms  p95= 1134.9ms
  eres2netv2    thr=2 1s  p50=   76.4ms  p95=  164.2ms
  eres2netv2    thr=2 2s  p50=  171.9ms  p95=  326.8ms
  eres2netv2    thr=2 3s  p50=  309.6ms  p95=  457.4ms
  eres2netv2    thr=2 5s  p50=  538.8ms  p95=  892.7ms
  eres2netv2    thr=8 1s  p50=  130.6ms  p95=  190.9ms
  eres2netv2    thr=8 2s  p50=  235.5ms  p95=  389.7ms
  eres2netv2    thr=8 3s  p50=  357.4ms  p95=  479.1ms
  eres2netv2    thr=8 5s  p50=  584.1ms  p95=  806.0ms
  campplus      thr=1 1s  p50=   22.3ms  p95=   51.5ms
  campplus      thr=1 2s  p50=   30.1ms  p95=   58.4ms
  campplus      thr=1 3s  p50=   55.7ms  p95=  124.6ms
  campplus      thr=1 5s  p50=   71.4ms  p95=  144.3ms
  campplus      thr=2 1s  p50=   22.3ms  p95=   53.5ms
  campplus      thr=2 2s  p50=   27.4ms  p95=   54.2ms
  campplus      thr=2 3s  p50=   33.6ms  p95=   70.7ms
  campplus      thr=2 5s  p50=   52.0ms  p95=  120.6ms
  campplus      thr=8 1s  p50=   34.9ms  p95=   48.1ms
  campplus      thr=8 2s  p50=   53.3ms  p95=   82.6ms
  campplus      thr=8 3s  p50=   74.2ms  p95=  125.6ms
  campplus      thr=8 5s  p50=   80.8ms  p95=  134.1ms
  wespeaker_en  thr=1 1s  p50=   20.4ms  p95=   40.6ms
  wespeaker_en  thr=1 2s  p50=   35.6ms  p95=   73.7ms
  wespeaker_en  thr=1 3s  p50=   45.4ms  p95=   95.0ms
  wespeaker_en  thr=1 5s  p50=   74.3ms  p95=  145.8ms
  wespeaker_en  thr=2 1s  p50=   27.1ms  p95=   33.4ms
  wespeaker_en  thr=2 2s  p50=   22.0ms  p95=   58.5ms
  wespeaker_en  thr=2 3s  p50=   61.3ms  p95=   81.7ms
  wespeaker_en  thr=2 5s  p50=   62.3ms  p95=  133.2ms
  wespeaker_en  thr=8 1s  p50=   36.7ms  p95=   56.1ms
  wespeaker_en  thr=8 2s  p50=   40.8ms  p95=   99.5ms
  wespeaker_en  thr=8 3s  p50=   72.8ms  p95=  100.4ms
  wespeaker_en  thr=8 5s  p50=  111.4ms  p95=  140.4ms
  (STT completed 4289 decodes during this block)

wrote 108 rows -> /bench/results/latency-container.csv

========================================================================
VERDICT — does embedding fit inside the 723ms translation window?
========================================================================
gated on: extractor threads=2, conditions=idle/contended-stt4, turns <=3s. Other rows are diagnostics.

campplus
  GATE contended-stt4       p95   20.0-   35.3ms (thr=2, headroom   95%)  FITS
  diag contended-stt8       p95   53.5-   70.7ms (thr=2, headroom   90%)  FITS
  GATE idle                 p95   11.7-   26.8ms (thr=2, headroom   96%)  FITS

eres2netv2
  GATE contended-stt4       p95   94.6-  268.2ms (thr=2, headroom   63%)  FITS
  diag contended-stt8       p95  164.2-  457.4ms (thr=2, headroom   37%)  FITS
  GATE idle                 p95   49.7-  157.4ms (thr=2, headroom   78%)  FITS

wespeaker_en
  GATE contended-stt4       p95   17.5-   40.7ms (thr=2, headroom   94%)  FITS
  diag contended-stt8       p95   33.4-   81.7ms (thr=2, headroom   89%)  FITS
  GATE idle                 p95   11.1-   26.0ms (thr=2, headroom   96%)  FITS

RECOMMENDED extractor num_threads (compared at 3s):
  campplus      contended-stt4       threads=2  p95    35.3ms  <- production
  campplus      contended-stt8       threads=2  p95    70.7ms
  campplus      idle                 threads=8  p95    16.8ms
  eres2netv2    contended-stt4       threads=2  p95   268.2ms  <- production
  eres2netv2    contended-stt8       threads=2  p95   457.4ms
  eres2netv2    idle                 threads=8  p95    77.2ms
  wespeaker_en  contended-stt4       threads=2  p95    40.7ms  <- production
  wespeaker_en  contended-stt8       threads=2  p95    81.7ms
  wespeaker_en  idle                 threads=8  p95    16.9ms

CONCURRENCY CEILING NOT ESTABLISHED: measured at 1 concurrent STT decode(s); the architectural maximum is 2 (two engines, one lock each). Re-run with --stt-instances 2 to close this.

PASS — the recommended configuration fits the window at production contention.
