host cpus        : 16  (container)
OMP_NUM_THREADS  : 4
MKL_NUM_THREADS  : 4
LOCAL_STT_THREADS: 4
models           : campplus, eres2netv2, wespeaker_en
reps=50 warmup=3 (discarded)  stt-instances=2

condition: idle
  eres2netv2    thr=1 1s  p50=   82.6ms  p95=   87.6ms
  eres2netv2    thr=1 2s  p50=  157.8ms  p95=  181.7ms
  eres2netv2    thr=1 3s  p50=  242.8ms  p95=  265.9ms
  eres2netv2    thr=1 5s  p50=  414.0ms  p95=  448.1ms
  eres2netv2    thr=2 1s  p50=   46.7ms  p95=   51.0ms
  eres2netv2    thr=2 2s  p50=   97.6ms  p95=  103.8ms
  eres2netv2    thr=2 3s  p50=  152.5ms  p95=  160.1ms
  eres2netv2    thr=2 5s  p50=  250.1ms  p95=  269.7ms
  eres2netv2    thr=8 1s  p50=   19.9ms  p95=   27.5ms
  eres2netv2    thr=8 2s  p50=   41.6ms  p95=   56.8ms
  eres2netv2    thr=8 3s  p50=   71.5ms  p95=   76.8ms
  eres2netv2    thr=8 5s  p50=  136.6ms  p95=  150.7ms
  campplus      thr=1 1s  p50=   14.9ms  p95=   15.2ms
  campplus      thr=1 2s  p50=   25.2ms  p95=   26.8ms
  campplus      thr=1 3s  p50=   36.6ms  p95=   38.8ms
  campplus      thr=1 5s  p50=   54.9ms  p95=   59.2ms
  campplus      thr=2 1s  p50=   10.2ms  p95=   12.2ms
  campplus      thr=2 2s  p50=   17.1ms  p95=   21.1ms
  campplus      thr=2 3s  p50=   23.3ms  p95=   24.9ms
  campplus      thr=2 5s  p50=   35.7ms  p95=   38.7ms
  campplus      thr=8 1s  p50=    7.8ms  p95=    8.3ms
  campplus      thr=8 2s  p50=   11.5ms  p95=   12.6ms
  campplus      thr=8 3s  p50=   15.8ms  p95=   18.9ms
  campplus      thr=8 5s  p50=   22.7ms  p95=   25.6ms
  wespeaker_en  thr=1 1s  p50=   14.3ms  p95=   16.8ms
  wespeaker_en  thr=1 2s  p50=   24.3ms  p95=   26.2ms
  wespeaker_en  thr=1 3s  p50=   36.4ms  p95=   45.9ms
  wespeaker_en  thr=1 5s  p50=   58.5ms  p95=   59.5ms
  wespeaker_en  thr=2 1s  p50=   11.1ms  p95=   11.5ms
  wespeaker_en  thr=2 2s  p50=   17.5ms  p95=   18.6ms
  wespeaker_en  thr=2 3s  p50=   24.4ms  p95=   25.6ms
  wespeaker_en  thr=2 5s  p50=   37.7ms  p95=   39.9ms
  wespeaker_en  thr=8 1s  p50=    8.3ms  p95=   10.4ms
  wespeaker_en  thr=8 2s  p50=   12.4ms  p95=   15.5ms
  wespeaker_en  thr=8 3s  p50=   16.1ms  p95=   20.5ms
  wespeaker_en  thr=8 5s  p50=   23.0ms  p95=   27.8ms

condition: contended-stt4  (2 real Moonshine recognizer(s) decoding continuously)
  eres2netv2    thr=1 1s  p50=  114.5ms  p95=  230.1ms
  eres2netv2    thr=1 2s  p50=  241.1ms  p95=  466.4ms
  eres2netv2    thr=1 3s  p50=  347.5ms  p95=  494.3ms
  eres2netv2    thr=1 5s  p50=  571.5ms  p95= 1114.8ms
  eres2netv2    thr=2 1s  p50=   99.5ms  p95=  167.6ms
  eres2netv2    thr=2 2s  p50=  172.0ms  p95=  356.9ms
  eres2netv2    thr=2 3s  p50=  278.7ms  p95=  517.0ms
  eres2netv2    thr=2 5s  p50=  479.0ms  p95=  830.7ms
  eres2netv2    thr=8 1s  p50=  102.3ms  p95=  177.2ms
  eres2netv2    thr=8 2s  p50=  216.3ms  p95=  353.8ms
  eres2netv2    thr=8 3s  p50=  327.3ms  p95=  497.3ms
  eres2netv2    thr=8 5s  p50=  660.7ms  p95= 1085.2ms
  campplus      thr=1 1s  p50=   23.8ms  p95=   68.8ms
  campplus      thr=1 2s  p50=   66.1ms  p95=   91.5ms
  campplus      thr=1 3s  p50=   79.2ms  p95=  124.9ms
  campplus      thr=1 5s  p50=   83.8ms  p95=  156.0ms
  campplus      thr=2 1s  p50=   22.9ms  p95=   44.3ms
  campplus      thr=2 2s  p50=   47.8ms  p95=   98.6ms
  campplus      thr=2 3s  p50=   72.1ms  p95=  132.2ms
  campplus      thr=2 5s  p50=   81.3ms  p95=  151.7ms
  campplus      thr=8 1s  p50=   35.0ms  p95=   55.3ms
  campplus      thr=8 2s  p50=   61.6ms  p95=  101.1ms
  campplus      thr=8 3s  p50=   56.6ms  p95=  105.8ms
  campplus      thr=8 5s  p50=  103.6ms  p95=  201.3ms
  wespeaker_en  thr=1 1s  p50=   36.2ms  p95=   59.0ms
  wespeaker_en  thr=1 2s  p50=   34.4ms  p95=   64.3ms
  wespeaker_en  thr=1 3s  p50=   50.9ms  p95=  108.4ms
  wespeaker_en  thr=1 5s  p50=   90.0ms  p95=  233.9ms
  wespeaker_en  thr=2 1s  p50=   23.3ms  p95=   57.5ms
  wespeaker_en  thr=2 2s  p50=   29.4ms  p95=   72.4ms
  wespeaker_en  thr=2 3s  p50=   45.7ms  p95=  136.6ms
  wespeaker_en  thr=2 5s  p50=   65.3ms  p95=  126.1ms
  wespeaker_en  thr=8 1s  p50=   28.1ms  p95=   56.9ms
  wespeaker_en  thr=8 2s  p50=   55.3ms  p95=  102.3ms
  wespeaker_en  thr=8 3s  p50=   74.6ms  p95=  139.4ms
  wespeaker_en  thr=8 5s  p50=   97.2ms  p95=  178.8ms
  (STT completed 8356 decodes during this block)

condition: contended-stt8  (2 real Moonshine recognizer(s) decoding continuously)
  eres2netv2    thr=1 1s  p50=  239.8ms  p95=  404.2ms
  eres2netv2    thr=1 2s  p50=  541.8ms  p95=  791.9ms
  eres2netv2    thr=1 3s  p50=  829.9ms  p95= 1194.6ms
  eres2netv2    thr=1 5s  p50= 1229.2ms  p95= 1726.3ms
  eres2netv2    thr=2 1s  p50=  227.1ms  p95=  307.3ms
  eres2netv2    thr=2 2s  p50=  394.4ms  p95=  555.8ms
  eres2netv2    thr=2 3s  p50=  680.0ms  p95=  895.3ms
  eres2netv2    thr=2 5s  p50= 1010.9ms  p95= 1256.6ms
  eres2netv2    thr=8 1s  p50=  234.0ms  p95=  365.0ms
  eres2netv2    thr=8 2s  p50=  469.6ms  p95=  656.8ms
  eres2netv2    thr=8 3s  p50=  734.2ms  p95= 1007.9ms
  eres2netv2    thr=8 5s  p50= 1032.9ms  p95= 1413.7ms
  campplus      thr=1 1s  p50=   55.1ms  p95=  114.4ms
  campplus      thr=1 2s  p50=   89.4ms  p95=  125.8ms
  campplus      thr=1 3s  p50=  114.4ms  p95=  160.3ms
  campplus      thr=1 5s  p50=  174.4ms  p95=  291.0ms
  campplus      thr=2 1s  p50=   41.8ms  p95=   63.6ms
  campplus      thr=2 2s  p50=   83.3ms  p95=  124.6ms
  campplus      thr=2 3s  p50=  101.3ms  p95=  183.5ms
  campplus      thr=2 5s  p50=  147.6ms  p95=  300.9ms
  campplus      thr=8 1s  p50=   62.2ms  p95=  116.3ms
  campplus      thr=8 2s  p50=   97.5ms  p95=  168.3ms
  campplus      thr=8 3s  p50=  133.1ms  p95=  245.3ms
  campplus      thr=8 5s  p50=  173.6ms  p95=  283.3ms
  wespeaker_en  thr=1 1s  p50=   27.5ms  p95=   90.2ms
  wespeaker_en  thr=1 2s  p50=   62.3ms  p95=  155.8ms
  wespeaker_en  thr=1 3s  p50=   96.8ms  p95=  182.7ms
  wespeaker_en  thr=1 5s  p50=  200.7ms  p95=  296.1ms
  wespeaker_en  thr=2 1s  p50=   41.6ms  p95=   73.1ms
  wespeaker_en  thr=2 2s  p50=   89.4ms  p95=  137.8ms
  wespeaker_en  thr=2 3s  p50=  115.3ms  p95=  191.3ms
  wespeaker_en  thr=2 5s  p50=  182.9ms  p95=  282.5ms
  wespeaker_en  thr=8 1s  p50=   61.2ms  p95=   84.4ms
  wespeaker_en  thr=8 2s  p50=   85.2ms  p95=  175.8ms
  wespeaker_en  thr=8 3s  p50=  127.7ms  p95=  186.2ms
  wespeaker_en  thr=8 5s  p50=  199.4ms  p95=  277.7ms
  (STT completed 7411 decodes during this block)

wrote 108 rows -> /bench/results/latency-container-2decode.csv

========================================================================
VERDICT — does embedding fit inside the 723ms translation window?
========================================================================
gated on: extractor threads=2, conditions=idle/contended-stt4, turns <=3s. Other rows are diagnostics.

campplus
  GATE contended-stt4       p95   44.3-  132.2ms (thr=2, headroom   82%)  FITS
  diag contended-stt8       p95   63.6-  183.5ms (thr=2, headroom   75%)  FITS
  GATE idle                 p95   12.2-   24.9ms (thr=2, headroom   97%)  FITS

eres2netv2
  GATE contended-stt4       p95  167.6-  517.0ms (thr=2, headroom   28%)  MARGINAL
  diag contended-stt8       p95  307.3-  895.3ms (thr=2, headroom  -24%)  EXCEEDS
  GATE idle                 p95   51.0-  160.1ms (thr=2, headroom   78%)  FITS

wespeaker_en
  GATE contended-stt4       p95   57.5-  136.6ms (thr=2, headroom   81%)  FITS
  diag contended-stt8       p95   73.1-  191.3ms (thr=2, headroom   74%)  FITS
  GATE idle                 p95   11.5-   25.6ms (thr=2, headroom   96%)  FITS

RECOMMENDED extractor num_threads (compared at 3s):
  campplus      contended-stt4       threads=8  p95   105.8ms  <- production
  campplus      contended-stt8       threads=1  p95   160.3ms
  campplus      idle                 threads=8  p95    18.9ms
  eres2netv2    contended-stt4       threads=1  p95   494.3ms  <- production
  eres2netv2    contended-stt8       threads=2  p95   895.3ms
  eres2netv2    idle                 threads=8  p95    76.8ms
  wespeaker_en  contended-stt4       threads=1  p95   108.4ms  <- production
  wespeaker_en  contended-stt8       threads=1  p95   182.7ms
  wespeaker_en  idle                 threads=8  p95    20.5ms

CONCURRENCY CEILING: measured up to 2 concurrent STT decodes, which is the architectural maximum — `engines/registry.py` registers exactly two engines (vi, en) and each holds its own lock across a decode, so session count cannot push it higher.

PASS (MARGINAL) — fits with under 30% headroom for: eres2netv2/contended-stt4. Inside run-to-run noise at REPS=50; re-measure with more repetitions before relying on it.
