policy spread: 30 speakers with >=8 gap-separated clips, 3 independent splits
acceptance: accuracy >=70%, attributed >=80%, |dN| <=1.0; calibration aims at 88%

  eres2netv2   clean      N=3 cold  acc  87.0+-2.9%  attr  85.6+-4.9%  |dN| 1.37  1/3 splits PASS
  eres2netv2   clean      N=3 warm  acc  95.3+-0.6%  attr  81.4+-5.1%  |dN| 0.37  2/3 splits PASS
  eres2netv2   clean      N=5 cold  acc  85.5+-1.4%  attr  87.1+-2.0%  |dN| 1.70  1/3 splits PASS
  eres2netv2   clean      N=5 warm  acc  95.5+-0.7%  attr  81.4+-4.6%  |dN| 0.48  2/3 splits PASS
  eres2netv2   far-field  N=3 cold  acc  77.7+-3.5%  attr  89.7+-5.7%  |dN| 1.75  1/3 splits PASS
  eres2netv2   far-field  N=3 warm  acc  93.3+-2.6%  attr  78.2+-3.3%  |dN| 0.37  1/3 splits PASS
  eres2netv2   far-field  N=5 cold  acc  72.9+-2.7%  attr  90.9+-1.8%  |dN| 2.03  0/3 splits PASS
  eres2netv2   far-field  N=5 warm  acc  92.4+-2.3%  attr  78.0+-2.4%  |dN| 0.55  1/3 splits PASS
  campplus     clean      N=3 cold  acc  83.7+-3.2%  attr  86.4+-4.2%  |dN| 1.64  0/3 splits PASS
  campplus     clean      N=3 warm  acc  96.7+-1.3%  attr  82.0+-8.2%  |dN| 0.17  2/3 splits PASS
  campplus     clean      N=5 cold  acc  77.1+-2.5%  attr  95.6+-1.2%  |dN| 3.19  0/3 splits PASS
  campplus     clean      N=5 warm  acc  95.6+-0.6%  attr  82.6+-5.7%  |dN| 0.22  2/3 splits PASS
  campplus     far-field  N=3 cold  acc  78.9+-0.9%  attr  90.4+-5.0%  |dN| 0.90  2/3 splits PASS
  campplus     far-field  N=3 warm  acc  92.1+-0.6%  attr  85.2+-3.7%  |dN| 0.11  3/3 splits PASS
  campplus     far-field  N=5 cold  acc  57.6+-18.5%  attr  91.9+-0.4%  |dN| 6.03  0/3 splits PASS
  campplus     far-field  N=5 warm  acc  88.5+-2.0%  attr  85.9+-2.5%  |dN| 0.13  3/3 splits PASS
wrote /home/quanganh208/Documents/QuangAnh/chatofy/benchmarks/speaker-id/results/session-summary.csv
wrote /home/quanganh208/Documents/QuangAnh/chatofy/benchmarks/speaker-id/results/session-coldstart.csv

threshold transfer loss across 48 calibrations: mean +5.1pt, p90 +13.8pt, max +19.6pt  (margin set at 8pt)
  MARGIN TOO SMALL: 9 calibrations in 10 lose more than it allows, so the attribution floor will keep being missed in transfer.

==============================================================================
GATE CELL  eres2netv2   cold  acc  72.9%  attr  90.9%  |dN| 2.03  0/3 PASS
GATE CELL  campplus     cold  acc  57.6%  attr  91.9%  |dN| 6.03  0/3 PASS
GATE CELL  eres2netv2   warm  acc  92.4%  attr  78.0%  |dN| 0.55  1/3 PASS
GATE CELL  campplus     warm  acc  88.5%  attr  85.9%  |dN| 0.13  3/3 PASS

enrolled mode: PASS   unenrolled mode: FAIL
