policy spread: 30 speakers with >=8 gap-separated clips, 3 independent splits
acceptance: accuracy >=70%, attributed >=80%, |dN| <=1.0; calibration aims at 94%

  eres2netv2   clean      N=3 cold  acc  85.4+-1.8%  attr  96.2+-1.0%  |dN| 1.45  1/3 splits PASS
  eres2netv2   clean      N=3 warm  acc  93.1+-0.5%  attr  88.8+-6.6%  |dN| 0.37  2/3 splits PASS
  eres2netv2   clean      N=5 cold  acc  84.1+-0.4%  attr  95.2+-0.9%  |dN| 2.40  0/2 splits PASS
  eres2netv2   clean      N=5 warm  acc  92.8+-1.8%  attr  88.1+-7.4%  |dN| 0.62  1/3 splits PASS
  eres2netv2   far-field  N=3 cold  acc  77.1+-0.9%  attr  90.7+-1.4%  |dN| 1.47  1/3 splits PASS
  eres2netv2   far-field  N=3 warm  acc  90.8+-2.8%  attr  89.8+-4.8%  |dN| 0.21  3/3 splits PASS
  eres2netv2   far-field  N=5 cold  acc  73.2+-2.1%  attr  89.2+-0.3%  |dN| 2.09  0/2 splits PASS
  eres2netv2   far-field  N=5 warm  acc  87.7+-2.5%  attr  91.2+-3.9%  |dN| 0.17  3/3 splits PASS
  campplus     clean      N=3 cold  acc  82.4+-2.4%  attr  93.9+-2.3%  |dN| 1.70  1/3 splits PASS
  campplus     clean      N=3 warm  acc  94.0+-3.1%  attr  89.9+-5.6%  |dN| 0.26  3/3 splits PASS
  campplus     clean      N=5 cold  NO CONFIGURATION on the threshold grid meets attributed >=94% and |dN| <=1.0
  campplus     clean      N=5 warm  acc  92.5+-1.7%  attr  90.9+-5.5%  |dN| 0.28  3/3 splits PASS
  campplus     far-field  N=3 cold  acc  78.0+-0.7%  attr  93.4+-0.9%  |dN| 0.99  1/3 splits PASS
  campplus     far-field  N=3 warm  acc  91.0+-1.1%  attr  91.0+-4.8%  |dN| 0.03  3/3 splits PASS
  campplus     far-field  N=5 cold  NO CONFIGURATION on the threshold grid meets attributed >=94% and |dN| <=1.0
  campplus     far-field  N=5 warm  acc  87.1+-2.0%  attr  91.3+-2.3%  |dN| 0.11  3/3 splits PASS
wrote /home/quanganh208/Documents/QuangAnh/chatofy/benchmarks/speaker-id/results/session-summary.csv
wrote /home/quanganh208/Documents/QuangAnh/chatofy/benchmarks/speaker-id/results/session-coldstart.csv

threshold transfer loss across 40 calibrations: mean +3.5pt, p90 +10.4pt, max +17.3pt  (margin set at 14pt)

==============================================================================
GATE CELL  eres2netv2   cold  acc  73.2%  attr  89.2%  |dN| 2.09  0/2 PASS
GATE CELL  campplus     cold  no acceptable configuration
GATE CELL  eres2netv2   warm  acc  87.7%  attr  91.2%  |dN| 0.17  3/3 PASS
GATE CELL  campplus     warm  acc  87.1%  attr  91.3%  |dN| 0.11  3/3 PASS

enrolled mode: PASS   unenrolled mode: FAIL
